mstaskow@CDV-N10319 MINGW64 ~
$ cd ..

mstaskow@CDV-N10319 MINGW64 /c/Users
$ cd ..

mstaskow@CDV-N10319 MINGW64 /c
$ cd Mania
bash: cd: Mania: No such file or directory

mstaskow@CDV-N10319 MINGW64 /c
$ cd Mania

mstaskow@CDV-N10319 MINGW64 /c/Mania
$ git init
Initialized empty Git repository in C:/Mania/.git/

mstaskow@CDV-N10319 MINGW64 /c/Mania (master)
$ git status
On branch master

No commits yet

Untracked files:
  (use "git add <file>..." to include in what will be committed)
        Dokument.txt

nothing added to commit but untracked files present (use "git add" to track)

mstaskow@CDV-N10319 MINGW64 /c/Mania (master)
$ git add .

mstaskow@CDV-N10319 MINGW64 /c/Mania (master)
$ git status
On branch master

No commits yet

Changes to be committed:
  (use "git rm --cached <file>..." to unstage)
        new file:   Dokument.txt

mstaskow@CDV-N10319 MINGW64 /c/Mania (master)
$ git commit -m 'init commit'
[master (root-commit) ea9cf87] init commit
 Committer: Manuela Staśkowska <mstaskowska@edu.cdv.pl>
Your name and email address were configured automatically based
on your username and hostname. Please check that they are accurate.
You can suppress this message by setting them explicitly. Run the
following command and follow the instructions in your editor to edit
your configuration file:

    git config --global --edit

After doing this, you may fix the identity used for this commit with:

    git commit --amend --reset-author

 1 file changed, 1 insertion(+)
 create mode 100644 Dokument.txt

mstaskow@CDV-N10319 MINGW64 /c/Mania (master)
$ git status
On branch master
nothing to commit, working tree clean

mstaskow@CDV-N10319 MINGW64 /c/Mania (master)
$ git status
On branch master
Changes not staged for commit:
  (use "git add <file>..." to update what will be committed)
  (use "git restore <file>..." to discard changes in working directory)
        modified:   Dokument.txt

no changes added to commit (use "git add" and/or "git commit -a")

mstaskow@CDV-N10319 MINGW64 /c/Mania (master)
$ git diff
diff --git a/Dokument.txt b/Dokument.txt
index e340133..89541d5 100644
--- a/Dokument.txt
+++ b/Dokument.txt
@@ -1 +1,2 @@
-1 - wiersz
\ No newline at end of file
+1 - wiersz
+2 - wiersz
\ No newline at end of file

mstaskow@CDV-N10319 MINGW64 /c/Mania (master)
$ git commit -m 'second commit'
On branch master
Changes not staged for commit:
  (use "git add <file>..." to update what will be committed)
  (use "git restore <file>..." to discard changes in working directory)
        modified:   Dokument.txt

no changes added to commit (use "git add" and/or "git commit -a")

mstaskow@CDV-N10319 MINGW64 /c/Mania (master)
$ git add .

mstaskow@CDV-N10319 MINGW64 /c/Mania (master)
$ git status
On branch master
Changes to be committed:
  (use "git restore --staged <file>..." to unstage)
        modified:   Dokument.txt


mstaskow@CDV-N10319 MINGW64 /c/Mania (master)
$ git log
commit ea9cf87640ee913ae5e4f489db64e0373b056044 (HEAD -> master)
Author: Manuela Staśkowska <mstaskowska@edu.cdv.pl>
Date:   Sat Apr 9 16:46:19 2022 +0200

    init commit

mstaskow@CDV-N10319 MINGW64 /c/Mania (master)
$ git checkout ea9cf87640ee913ae5e4f489db64e0373b056044 .
Updated 1 path from 6c32adc

mstaskow@CDV-N10319 MINGW64 /c/Mania (master)
$ git branch 'nowy'

mstaskow@CDV-N10319 MINGW64 /c/Mania (master)
$ git branch "nowy"
fatal: A branch named 'nowy' already exists.

mstaskow@CDV-N10319 MINGW64 /c/Mania (master)
$ git checkout 'nowy'
Switched to branch 'nowy'

mstaskow@CDV-N10319 MINGW64 /c/Mania (nowy)
$ git status
On branch nowy
Changes not staged for commit:
  (use "git add <file>..." to update what will be committed)
  (use "git restore <file>..." to discard changes in working directory)
        modified:   Dokument.txt

no changes added to commit (use "git add" and/or "git commit -a")

mstaskow@CDV-N10319 MINGW64 /c/Mania (nowy)
$ git add .

mstaskow@CDV-N10319 MINGW64 /c/Mania (nowy)
$ git commit -m 'nowy'
[nowy e0a95d1] nowy
 Committer: Manuela Staśkowska <mstaskowska@edu.cdv.pl>
Your name and email address were configured automatically based
on your username and hostname. Please check that they are accurate.
You can suppress this message by setting them explicitly. Run the
following command and follow the instructions in your editor to edit
your configuration file:

    git config --global --edit

After doing this, you may fix the identity used for this commit with:

    git commit --amend --reset-author

 1 file changed, 2 insertions(+), 1 deletion(-)

mstaskow@CDV-N10319 MINGW64 /c/Mania (nowy)
$ git status
On branch nowy
nothing to commit, working tree clean

mstaskow@CDV-N10319 MINGW64 /c/Mania (nowy)
$ git checkout checkout master
error: pathspec 'checkout' did not match any file(s) known to git
error: pathspec 'master' did not match any file(s) known to git

mstaskow@CDV-N10319 MINGW64 /c/Mania (nowy)
$ git checkout master
Switched to branch 'master'

mstaskow@CDV-N10319 MINGW64 /c/Mania (master)
$ git checkout nowy
Switched to branch 'nowy'

mstaskow@CDV-N10319 MINGW64 /c/Mania (nowy)
$ git branch "test"

mstaskow@CDV-N10319 MINGW64 /c/Mania (nowy)
$ git checkout test
Switched to branch 'test'

mstaskow@CDV-N10319 MINGW64 /c/Mania (test)
$ git status
On branch test
nothing to commit, working tree clean

mstaskow@CDV-N10319 MINGW64 /c/Mania (test)
$ git checkout dev
error: pathspec 'dev' did not match any file(s) known to git

mstaskow@CDV-N10319 MINGW64 /c/Mania (test)
$ git checkout nowy
Switched to branch 'nowy'

mstaskow@CDV-N10319 MINGW64 /c/Mania (nowy)
$ git merge
fatal: No remote for the current branch.

mstaskow@CDV-N10319 MINGW64 /c/Mania (nowy)
$ git merge nowy
Already up to date.

mstaskow@CDV-N10319 MINGW64 /c/Mania (nowy)
$ git checkout master
Switched to branch 'master'

mstaskow@CDV-N10319 MINGW64 /c/Mania (master)
$ git merge nowy
Updating ea9cf87..e0a95d1
Fast-forward
 Dokument.txt | 3 ++-
 1 file changed, 2 insertions(+), 1 deletion(-)

mstaskow@CDV-N10319 MINGW64 /c/Mania (master)
$ git remote add origin https://github.com/MStaskowska/cdv.git

mstaskow@CDV-N10319 MINGW64 /c/Mania (master)
$ git push -u origin master
Enumerating objects: 6, done.
Counting objects: 100% (6/6), done.
Delta compression using up to 6 threads
Compressing objects: 100% (2/2), done.
Writing objects: 100% (6/6), 477 bytes | 477.00 KiB/s, done.
Total 6 (delta 0), reused 0 (delta 0), pack-reused 0
To https://github.com/MStaskowska/cdv.git
 * [new branch]      master -> master
Branch 'master' set up to track remote branch 'master' from 'origin'.

mstaskow@CDV-N10319 MINGW64 /c/Mania (master)
$ cd ..

mstaskow@CDV-N10319 MINGW64 /c
$ cd Nowy

mstaskow@CDV-N10319 MINGW64 /c/Nowy
$ git init
Initialized empty Git repository in C:/Nowy/.git/

mstaskow@CDV-N10319 MINGW64 /c/Nowy (master)
$ git status
On branch master

No commits yet

nothing to commit (create/copy files and use "git add" to track)

mstaskow@CDV-N10319 MINGW64 /c/Nowy (master)
$ ^C
bash: :s^C: substitution failed

mstaskow@CDV-N10319 MINGW64 /c/Nowy (master)
$ git clone https://github.com/MStaskowska/cdv.git
Cloning into 'cdv'...
remote: Enumerating objects: 6, done.
remote: Counting objects: 100% (6/6), done.
remote: Compressing objects: 100% (2/2), done.
remote: Total 6 (delta 0), reused 6 (delta 0), pack-reused 0
Receiving objects: 100% (6/6), done.
